// Jest Snapshot v1, https://goo.gl/fbAQLP

exports[`should render correctly 1`] = `
ShallowWrapper {
  "length": 1,
  Symbol(enzyme.__root__): [Circular],
  Symbol(enzyme.__unrendered__): <Checkbox
    checked={false}
    colour="black"
    disabled={false}
    label="test"
    size="medium"
/>,
  Symbol(enzyme.__renderer__): Object {
    "batchedUpdates": [Function],
    "getNode": [Function],
    "render": [Function],
    "simulateEvent": [Function],
    "unmount": [Function],
  },
  Symbol(enzyme.__node__): Object {
    "instance": null,
    "key": undefined,
    "nodeType": "host",
    "props": Object {
      "children": Array [
        <svg
          height="24"
          style={
                    Object {
                              "marginBottom": "-3",
                            }
          }
          viewBox="0 0 24 24"
          width="24"
>
          <rect
                    className="border"
                    fill="white"
                    height="24"
                    stroke="black"
                    strokeWidth="4"
                    width="24"
          />
</svg>,
        <span
          style={
                    Object {
                              "fontSize": "1.5em",
                              "marginLeft": "0.25em",
                            }
          }
>
          test
</span>,
      ],
      "className": "black",
      "onClick": [Function],
    },
    "ref": null,
    "rendered": Array [
      Object {
        "instance": null,
        "key": undefined,
        "nodeType": "host",
        "props": Object {
          "children": Array [
            <rect
              className="border"
              fill="white"
              height="24"
              stroke="black"
              strokeWidth="4"
              width="24"
/>,
            null,
            null,
          ],
          "height": "24",
          "style": Object {
            "marginBottom": "-3",
          },
          "viewBox": "0 0 24 24",
          "width": "24",
        },
        "ref": null,
        "rendered": Array [
          Object {
            "instance": null,
            "key": undefined,
            "nodeType": "host",
            "props": Object {
              "className": "border",
              "fill": "white",
              "height": "24",
              "stroke": "black",
              "strokeWidth": "4",
              "width": "24",
            },
            "ref": null,
            "rendered": null,
            "type": "rect",
          },
          null,
          null,
        ],
        "type": "svg",
      },
      Object {
        "instance": null,
        "key": undefined,
        "nodeType": "host",
        "props": Object {
          "children": "test",
          "style": Object {
            "fontSize": "1.5em",
            "marginLeft": "0.25em",
          },
        },
        "ref": null,
        "rendered": "test",
        "type": "span",
      },
    ],
    "type": "div",
  },
  Symbol(enzyme.__nodes__): Array [
    Object {
      "instance": null,
      "key": undefined,
      "nodeType": "host",
      "props": Object {
        "children": Array [
          <svg
            height="24"
            style={
                        Object {
                                    "marginBottom": "-3",
                                  }
            }
            viewBox="0 0 24 24"
            width="24"
>
            <rect
                        className="border"
                        fill="white"
                        height="24"
                        stroke="black"
                        strokeWidth="4"
                        width="24"
            />
</svg>,
          <span
            style={
                        Object {
                                    "fontSize": "1.5em",
                                    "marginLeft": "0.25em",
                                  }
            }
>
            test
</span>,
        ],
        "className": "black",
        "onClick": [Function],
      },
      "ref": null,
      "rendered": Array [
        Object {
          "instance": null,
          "key": undefined,
          "nodeType": "host",
          "props": Object {
            "children": Array [
              <rect
                className="border"
                fill="white"
                height="24"
                stroke="black"
                strokeWidth="4"
                width="24"
/>,
              null,
              null,
            ],
            "height": "24",
            "style": Object {
              "marginBottom": "-3",
            },
            "viewBox": "0 0 24 24",
            "width": "24",
          },
          "ref": null,
          "rendered": Array [
            Object {
              "instance": null,
              "key": undefined,
              "nodeType": "host",
              "props": Object {
                "className": "border",
                "fill": "white",
                "height": "24",
                "stroke": "black",
                "strokeWidth": "4",
                "width": "24",
              },
              "ref": null,
              "rendered": null,
              "type": "rect",
            },
            null,
            null,
          ],
          "type": "svg",
        },
        Object {
          "instance": null,
          "key": undefined,
          "nodeType": "host",
          "props": Object {
            "children": "test",
            "style": Object {
              "fontSize": "1.5em",
              "marginLeft": "0.25em",
            },
          },
          "ref": null,
          "rendered": "test",
          "type": "span",
        },
      ],
      "type": "div",
    },
  ],
  Symbol(enzyme.__options__): Object {
    "adapter": ReactSixteenAdapter {
      "options": Object {
        "enableComponentDidUpdateOnSetState": true,
      },
    },
  },
}
`;
